// Jest Snapshot v1, https://goo.gl/fbAQLP

exports[`Header should match a snapshot 1`] = `
<article
  className="header_main-container"
>
  <Link
    className="header_main-link"
    to="/"
  >
    Rancid Tomatillos
  </Link>
  <Link
    className="header_log-button"
    to="/login"
  >
    Login
  </Link>
</article>
`;
